PS C:\Users\HP\Desktop\FPC\c_activity_sets\c_activity_sets> cd set02
PS C:\Users\HP\Desktop\FPC\c_activity_sets\c_activity_sets\set02> gcc -g -O0 problem07.c
PS C:\Users\HP\Desktop\FPC\c_activity_sets\c_activity_sets\set02> gdb a.exe
GNU gdb (GDB) 7.6.1
Copyright (C) 2013 Free Software Foundation, Inc.
License GPLv3+: GNU GPL version 3 or later <http://gnu.org/licenses/gpl.html>
This is free software: you are free to change and redistribute it.
There is NO WARRANTY, to the extent permitted by law.  Type "show copying"
and "show warranty" for details.
This GDB was configured as "mingw32".
For bug reporting instructions, please see:
<http://www.gnu.org/software/gdb/bugs/>...
Reading symbols from C:\Users\HP\Desktop\FPC\c_activity_sets\c_activity_sets\set02\a.exe...done. 
(gdb) b 1
Breakpoint 1 at 0x40146e: file problem07.c, line 1.
(gdb) b 33
Breakpoint 2 at 0x40155c: file problem07.c, line 33.
(gdb) r
Starting program: C:\Users\HP\Desktop\FPC\c_activity_sets\c_activity_sets\set02/a.exe 
[New Thread 9244.0x3138]
[New Thread 9244.0x19ec]

Breakpoint 1, main () at problem07.c:12
12          Triangle t = input_triangle();
(gdb) n
Enter the base of the triangle: 2
Enter the altitude of the triangle: 3
13          find_area(&t);
(gdb) n
14          output(t);
(gdb) n
The area of triangle with base = 2.000000 and altitude = 3.000000 is 3.000000

Breakpoint 2, output (t=...) at problem07.c:33
33      }
(gdb) n
main () at problem07.c:15
15          return 0;
(gdb) n
16      }
(gdb) n
0x00401288 in __register_frame_info ()
(gdb) n
Single stepping until exit from function __register_frame_info,
which has no line number information.
0x0040128a in __register_frame_info ()
(gdb) q
A debugging session is active.

        Inferior 1 [process 9244] will be killed.

Quit anyway? (y or n) y
error return ../../gdb-7.6.1/gdb/windows-nat.c:1275 was 5