PS C:\Users\HP\Desktop\FPC\c_activity_sets\c_activity_sets> cd set02
PS C:\Users\HP\Desktop\FPC\c_activity_sets\c_activity_sets\set02> gcc -g -O0 problem06.c
PS C:\Users\HP\Desktop\FPC\c_activity_sets\c_activity_sets\set02> gdb a.exe
GNU gdb (GDB) 7.6.1
Copyright (C) 2013 Free Software Foundation, Inc.
License GPLv3+: GNU GPL version 3 or later <http://gnu.org/licenses/gpl.html>
This is free software: you are free to change and redistribute it.        
There is NO WARRANTY, to the extent permitted by law.  Type "show copying"
and "show warranty" for details.
This GDB was configured as "mingw32".      
For bug reporting instructions, please see:
<http://www.gnu.org/software/gdb/bugs/>...
Reading symbols from C:\Users\HP\Desktop\FPC\c_activity_sets\c_activity_sets\set02\a.exe...done.
(gdb) b 1
Breakpoint 1 at 0x401471: file problem06.c, line 1.
(gdb) b 37
Breakpoint 2 at 0x401552: file problem06.c, line 37.
(gdb) r
Starting program: C:\Users\HP\Desktop\FPC\c_activity_sets\c_activity_sets\set02/a.exe 
[New Thread 15936.0xdcc]
[New Thread 15936.0x419c]

Breakpoint 1, main () at problem06.c:12
12          input_string(str);
(gdb) n
Enter a string: hello
13          str_reverse(str, rev_str);
(gdb) n
14          output(str, rev_str);
(gdb) n
Original string: hello
Reversed string: olleh

Breakpoint 2, output (a=0x61febc "hello", reverse_a=0x61fe58 "olleh") at problem06.c:37
37      }
(gdb) n
main () at problem06.c:16
16          return 0;
(gdb) n
17      }
(gdb) n
0x00401288 in __register_frame_info ()
(gdb) n
Single stepping until exit from function __register_frame_info,
which has no line number information.
0x0040128a in __register_frame_info ()
(gdb) n
Single stepping until exit from function __register_frame_info,
which has no line number information.
0x0040128f in __register_frame_info ()
(gdb) q
A debugging session is active.

        Inferior 1 [process 15936] will be killed.

Quit anyway? (y or n) y
error return ../../gdb-7.6.1/gdb/windows-nat.c:1275 was 5