PS C:\Users\HP\Desktop\FPC\c_activity_sets\c_activity_sets> cd set02
PS C:\Users\HP\Desktop\FPC\c_activity_sets\c_activity_sets\set02> gcc -g -O0 problem08.c
PS C:\Users\HP\Desktop\FPC\c_activity_sets\c_activity_sets\set02> gdb a.exe
GNU gdb (GDB) 7.6.1
Copyright (C) 2013 Free Software Foundation, Inc.
License GPLv3+: GNU GPL version 3 or later <http://gnu.org/licenses/gpl.html>
This is free software: you are free to change and redistribute it.    
There is NO WARRANTY, to the extent permitted by law.  Type "show copying"
and "show warranty" for details.
This GDB was configured as "mingw32".
For bug reporting instructions, please see:
<http://www.gnu.org/software/gdb/bugs/>...
Reading symbols from C:\Users\HP\Desktop\FPC\c_activity_sets\c_activity_sets\set02\a.exe...done. 
(gdb) b 1
Breakpoint 1 at 0x401479: file problem08.c, line 1.
(gdb) b 74
Breakpoint 2 at 0x401813: file problem08.c, line 74.
(gdb) r
Starting program: C:\Users\HP\Desktop\FPC\c_activity_sets\c_activity_sets\set02/a.exe 
[New Thread 14992.0x2df8]
[New Thread 14992.0x2ff8]

Breakpoint 1, 0x00401479 in main () at problem08.c:15
15      int main() {
(gdb) r
The program being debugged has been started already.
Start it from the beginning? (y or n) y
error return ../../gdb-7.6.1/gdb/windows-nat.c:1275 was 5
Starting program: C:\Users\HP\Desktop\FPC\c_activity_sets\c_activity_sets\set02/a.exe 
[New Thread 15416.0x4018]
[New Thread 15416.0x3448]

Breakpoint 1, 0x00401479 in main () at problem08.c:15
15      int main() {
(gdb) n
16          int n = input_n();
(gdb) n
Enter the number of triangles: 2
17          Triangle triangles[n];
(gdb) n
18          input_n_triangles(n, triangles);
(gdb) n
Enter triangle 1:
Enter the base of the triangle: 3
Enter the altitude of the triangle: 4
Enter triangle 2:
Enter the base of the triangle: 5
Enter the altitude of the triangle: 6
19          find_n_areas(n, triangles);
(gdb) n
20          Triangle smallest = find_smallest_triangle(n, triangles);
(gdb) n
21          output(n, triangles, smallest);
(gdb) n
The smallest triangle out of triangles:
Triangle 1: base 3.00, height 4.00, area 6.00
Triangle 2: base 5.00, height 6.00, area 15.00
is the triangle having base 3.00, height 4.00, and area 6.00

Breakpoint 2, output (n=2, t=0x61feb4, smallest=...) at problem08.c:74
74      }
(gdb) n
main () at problem08.c:22
22          return 0;
(gdb) n
23      }
(gdb) n
0x00401288 in __register_frame_info ()
(gdb) n
Single stepping until exit from function __register_frame_info,
which has no line number information.
0x0040128a in __register_frame_info ()
(gdb) q
A debugging session is active.

        Inferior 1 [process 15416] will be killed.

Quit anyway? (y or n) y