PS C:\Users\HP\Desktop\FPC\c_activity_sets> cd set01
PS C:\Users\HP\Desktop\FPC\c_activity_sets\set01> gcc problem02.c -O0 -g
PS C:\Users\HP\Desktop\FPC\c_activity_sets\set01> gdb a.exe
GNU gdb (GDB) 7.6.1
Copyright (C) 2013 Free Software Foundation, Inc.
License GPLv3+: GNU GPL version 3 or later <http://gnu.org/licenses/gpl.html>
This is free software: you are free to change and redistribute it.
There is NO WARRANTY, to the extent permitted by law.  Type "show copying"
and "show warranty" for details.
This GDB was configured as "mingw32".
For bug reporting instructions, please see:
<http://www.gnu.org/software/gdb/bugs/>... 
Reading symbols from C:\Users\HP\Desktop\FPC\c_activity_sets\set01\a.exe...done.
(gdb) b main
Breakpoint 1 at 0x40146e: file problem02.c, line 5.
(gdb) r
Starting program: C:\Users\HP\Desktop\FPC\c_activity_sets\set01/a.exe 
[New Thread 6164.0x1240]
[New Thread 6164.0x20dc]

Breakpoint 1, main () at problem02.c:5
5           printf("Enter a number:\n");
(gdb) s
Enter a number:
6           scanf("%d %d", &a, &b);
(gdb) s
s
7           sum=a+b;
(gdb) n
8           printf("The sum of %d + %d is %d\n", a, b, sum);
The sum of 2867200 + 0 is 2867200
9           return 0;
(gdb) n
10      }(gdb) quit
A debugging session is active.

        Inferior 1 [process 6164] will be killed.

Quit anyway? (y or n) y
error return ../../gdb-7.6.1/gdb/windows-nat.c:1275 was 5
PS C:\Users\HP\Desktop\FPC\c_activity_sets\set01> gdb a.exe
GNU gdb (GDB) 7.6.1
Copyright (C) 2013 Free Software Foundation, Inc.
License GPLv3+: GNU GPL version 3 or later <http://gnu.org/licenses/gpl.html>
This is free software: you are free to change and redistribute it.
There is NO WARRANTY, to the extent permitted by law.  Type "show copying"
and "show warranty" for details.
This GDB was configured as "mingw32".
For bug reporting instructions, please see:
<http://www.gnu.org/software/gdb/bugs/>...
Reading symbols from C:\Users\HP\Desktop\FPC\c_activity_sets\set01\a.exe...done.
(gdb) b main
Breakpoint 1 at 0x40146e: file problem02.c, line 5.
(gdb) r
Starting program: C:\Users\HP\Desktop\FPC\c_activity_sets\set01/a.exe 
[New Thread 1852.0x1ccc]
[New Thread 1852.0x35b4]

Breakpoint 1, main () at problem02.c:5
5           printf("Enter a number:\n");
(gdb) n
Enter a number:
6           scanf("%d %d", &a, &b);
(gdb) n
3
4
7           sum=a+b;
(gdb) n
8           printf("The sum of %d + %d is %d\n", a, b, sum);
(gdb) n
The sum of 3 + 4 is 7
9           return 0;
(gdb) q
A debugging session is active.

        Inferior 1 [process 1852] will be killed.

Quit anyway? (y or n) y
error return ../../gdb-7.6.1/gdb/windows-nat.c:1275 was 5