S C:\Users\HP\Desktop\FPC\c_activity_sets> cd set 01
Set-Location : A positional parameter cannot be found that accepts argument '01'.
At line:1 char:1
+ cd set 01
+ ~~~~~~~~~
    + CategoryInfo          : InvalidArgument: (:) [Set-Location], ParameterBindingException
    + FullyQualifiedErrorId : PositionalParameterNotFound,Microsoft.PowerShell.Commands.SetLocationCommand
 
PS C:\Users\HP\Desktop\FPC\c_activity_sets> cd set01
PS C:\Users\HP\Desktop\FPC\c_activity_sets\set01> gdb a.exe
GNU gdb (GDB) 7.6.1
Copyright (C) 2013 Free Software Foundation, Inc.
License GPLv3+: GNU GPL version 3 or later <http://gnu.org/licenses/gpl.html>
This is free software: you are free to change and redistribute it.
There is NO WARRANTY, to the extent permitted by law.  Type "show copying"
and "show warranty" for details.
This GDB was configured as "mingw32".
For bug reporting instructions, please see:
<http://www.gnu.org/software/gdb/bugs/>...
Reading symbols from C:\Users\HP\Desktop\FPC\c_activity_sets\set01\a.exe...done.
(gdb) b main
Breakpoint 1 at 0x401463
(gdb) r
Starting program: C:\Users\HP\Desktop\FPC\c_activity_sets\set01/a.exe 
[New Thread 12524.0x340c]
[New Thread 12524.0x2ebc]

Breakpoint 1, 0x00401463 in main ()
(gdb) s
Single stepping until exit from function main,
which has no line number information.
Enter a number: s
Enter a number: Enter a number: The largest among 6422476, 6422476, and 6422476 is 6422476
0x00401288 in __register_frame_info ()
(gdb) s
Single stepping until exit from function __register_frame_info,
which has no line number information.
0x0040128a in __register_frame_info ()
(gdb) q
A debugging session is active.

        Inferior 1 [process 12524] will be killed.

Quit anyway? (y or n) y
error return ../../gdb-7.6.1/gdb/windows-nat.c:1275 was 5