PS C:\Users\HP\Desktop\FPC\c_activity_sets\set01> gcc problem01.c -O0 -g
PS C:\Users\HP\Desktop\FPC\c_activity_sets\set01> gdb a.exe
GNU gdb (GDB) 7.6.1
Copyright (C) 2013 Free Software Foundation, Inc.
License GPLv3+: GNU GPL version 3 or later <http://gnu.org/licenses/gpl.html>
This is free software: you are free to change and redistribute it.
There is NO WARRANTY, to the extent permitted by law.  Type "show copying"
and "show warranty" for details.
This GDB was configured as "mingw32".
For bug reporting instructions, please see:
<http://www.gnu.org/software/gdb/bugs/>...
Reading symbols from C:\Users\HP\Desktop\FPC\c_activity_sets\set01\a.exe...done.
(gdb) b main
Breakpoint 1 at 0x40146e: file problem01.c, line 5.
(gdb) r
Starting program: C:\Users\HP\Desktop\FPC\c_activity_sets\set01/a.exe 
[New Thread 13952.0xeb0]
[New Thread 13952.0x1d0c]

Breakpoint 1, main () at problem01.c:5
5           printf("Yashaswi Anil Rao\n");
(gdb) s
Yashaswi Anil Rao
6           return 0;
(gdb) s
7       }(gdb) s
0x00401288 in __register_frame_info ()
(gdb) q
A debugging session is active.

        Inferior 1 [process 13952] will be killed.

Quit anyway? (y or n) y
error return ../../gdb-7.6.1/gdb/windows-nat.c:1275 was 5